// Jest Snapshot v1, https://goo.gl/fbAQLP

exports[`EditContact should render correctly 1`] = `
<Fragment>
  <h2
    className="mb-4"
  />
  <Form(t)>
    <FormGroup
      tag="div"
    >
      <Control(s)
        className="form-control"
        id="nickname"
        name="nickname"
        onChange={[Function]}
        placeholder="Set nickname"
        type="text"
        validations={
          Array [
            [Function],
          ]
        }
      />
    </FormGroup>
    <FormGroup
      tag="div"
    >
      <Control(s)
        className="form-control"
        id="contactCode"
        name="contactCode"
        onChange={[Function]}
        placeholder="Status contact code or Status ENS name"
        rows="5"
        type="text"
        validations={
          Array [
            [Function],
            [Function],
          ]
        }
      />
    </FormGroup>
  </Form(t)>
</Fragment>
`;
