// Jest Snapshot v1, https://goo.gl/fbAQLP

exports[`StatusContactCode should render correctly 1`] = `
<FormGroup
  className="mt-3"
  tag="div"
>
  <div>
    <h3
      className="d-inline-block"
    />
    <span
      className="float-right"
    >
      <Link
        className="float-right"
        replace={false}
        to="/profile/contact/edit"
      />
    </span>
  </div>
  <InputGroup
    className="full-width-input white-input"
    tag="div"
  >
    <Input
      className="prepend"
      defaultValue="0xkajshdhkjashd"
      disabled={true}
      name="contactCode"
      type="text"
    />
    <InputGroupAddon
      addonType="append"
      tag="div"
    >
      <InputGroupText
        className="bg-dark"
        onClick={[Function]}
        tag="span"
      >
        <FontAwesomeIcon
          border={false}
          className=""
          fixedWidth={false}
          flip={null}
          icon={
            Object {
              "icon": Array [
                448,
                512,
                Array [],
                "f029",
                "M0 224h192V32H0v192zM64 96h64v64H64V96zm192-64v192h192V32H256zm128 128h-64V96h64v64zM0 480h192V288H0v192zm64-128h64v64H64v-64zm352-64h32v128h-96v-32h-32v96h-64V288h96v32h64v-32zm0 160h32v32h-32v-32zm-64 0h32v32h-32v-32z",
              ],
              "iconName": "qrcode",
              "prefix": "fas",
            }
          }
          inverse={false}
          listItem={false}
          mask={null}
          pull={null}
          pulse={false}
          rotation={null}
          size="lg"
          spin={false}
          symbol={false}
          title=""
          transform={null}
        />
      </InputGroupText>
    </InputGroupAddon>
  </InputGroup>
  <Modal
    autoFocus={true}
    backdrop={true}
    backdropTransition={
      Object {
        "mountOnEnter": true,
        "timeout": 150,
      }
    }
    centered={false}
    fade={true}
    isOpen={false}
    keyboard={true}
    modalTransition={
      Object {
        "timeout": 300,
      }
    }
    onClosed={[Function]}
    onOpened={[Function]}
    role="dialog"
    toggle={[Function]}
    zIndex={1050}
  >
    <ModalHeader
      charCode={215}
      closeAriaLabel="Close"
      tag="h5"
      toggle={[Function]}
      wrapTag="div"
    />
    <ModalBody
      className="text-center"
      tag="div"
    >
      <QRCode
        bgColor="#FFFFFF"
        fgColor="#000000"
        includeMargin={false}
        level="L"
        renderAs="canvas"
        size={128}
        value="0xkajshdhkjashd"
      />
      <p
        className="overflow-hidden"
      >
        <Address
          address="0xkajshdhkjashd"
          compact={false}
          length={10}
        />
      </p>
    </ModalBody>
  </Modal>
</FormGroup>
`;
