// Jest Snapshot v1, https://goo.gl/fbAQLP

exports[`FiatSelectorForm should render correctly 1`] = `
<Fragment>
  <h2 />
  <FormGroup
    tag="div"
  >
    <Label
      className="text-small mt-3 mb-0"
      tag="label"
      widths={
        Array [
          "xs",
          "sm",
          "md",
          "lg",
          "xl",
        ]
      }
    >
      Local currency
    </Label>
    <TypeaheadContainer(WrappedTypeahead)
      a11yNumResults={[Function]}
      a11yNumSelected={[Function]}
      align="justify"
      allowNew={false}
      autoFocus={false}
      caseSensitive={false}
      className="mb-3"
      clearButton={false}
      defaultInputValue=""
      defaultOpen={false}
      defaultSelected={Array []}
      disabled={false}
      dropup={false}
      emptyLabel=""
      filterBy={Array []}
      flip={false}
      highlightOnlyResult={false}
      id="fiatSelector"
      ignoreDiacritics={true}
      inputProps={Object {}}
      isInvalid={false}
      isLoading={false}
      isValid={false}
      labelKey="label"
      maxResults={100}
      minLength={0}
      multiple={false}
      onBlur={[Function]}
      onChange={[Function]}
      onFocus={[Function]}
      onInputChange={[Function]}
      onKeyDown={[Function]}
      onPaginate={[Function]}
      options={Array []}
      paginate={true}
      paginationText="Display additional results..."
      placeholder=""
      selectHintOnEnter={false}
      submitFormOnEnter={true}
    />
  </FormGroup>
</Fragment>
`;
