// Jest Snapshot v1, https://goo.gl/fbAQLP

exports[`StatusContractCodeades should render correctly 1`] = `
<Row
  className="mt-4"
  tag="div"
>
  <Col
    tag="div"
    widths={
      Array [
        "xs",
        "sm",
        "md",
        "lg",
        "xl",
      ]
    }
    xs="12"
  >
    <span
      className="font-weight-bold h5"
    />
    <Link
      className="float-right"
      replace={false}
      to="edit-status-contract-code"
    />
  </Col>
  <Col
    className="pr-0"
    tag="div"
    widths={
      Array [
        "xs",
        "sm",
        "md",
        "lg",
        "xl",
      ]
    }
    xs="10"
  >
    <Card
      body={true}
      className="rounded-0"
      tag="div"
    >
      <span>
        0xkajshdhkjashd
      </span>
    </Card>
  </Col>
  <Col
    className="pl-0"
    tag="div"
    widths={
      Array [
        "xs",
        "sm",
        "md",
        "lg",
        "xl",
      ]
    }
    xs="2"
  >
    <Card
      body={true}
      className="text-center rounded-0"
      tag="div"
    >
      <span>
        <FontAwesomeIcon
          border={false}
          className=""
          fixedWidth={false}
          flip={null}
          icon={
            Object {
              "icon": Array [
                448,
                512,
                Array [],
                "f029",
                "M0 224h192V32H0v192zM64 96h64v64H64V96zm192-64v192h192V32H256zm128 128h-64V96h64v64zM0 480h192V288H0v192zm64-128h64v64H64v-64zm352-64h32v128h-96v-32h-32v96h-64V288h96v32h64v-32zm0 160h32v32h-32v-32zm-64 0h32v32h-32v-32z",
              ],
              "iconName": "qrcode",
              "prefix": "fas",
            }
          }
          inverse={false}
          listItem={false}
          mask={null}
          pull={null}
          pulse={false}
          rotation={null}
          size="lg"
          spin={false}
          symbol={false}
          title=""
          transform={null}
        />
      </span>
    </Card>
  </Col>
</Row>
`;
