// Jest Snapshot v1, https://goo.gl/fbAQLP

exports[`MarginSelectorForm should render correctly 1`] = `
<Form(t)>
  <h2 />
  <FormGroup
    className="mb-0"
    tag="div"
  >
    <Row
      tag="div"
    >
      <Col
        md={9}
        sm={8}
        tag="div"
        widths={
          Array [
            "xs",
            "sm",
            "md",
            "lg",
            "xl",
          ]
        }
        xs={7}
      >
        <ComponentEnhancer(undefined)
          activeDotStyle={Object {}}
          className="mb-3 p-4"
          defaultValue={0}
          disabled={false}
          dotStyle={Object {}}
          dots={false}
          handle={[Function]}
          handleStyle={
            Array [
              Object {},
            ]
          }
          included={true}
          marks={Object {}}
          max={100}
          min={-99}
          onAfterChange={[Function]}
          onBeforeChange={[Function]}
          onChange={[Function]}
          prefixCls="rc-slider"
          railStyle={Object {}}
          step={1}
          trackStyle={
            Array [
              Object {},
            ]
          }
          value={0}
          vertical={false}
        />
      </Col>
      <Col
        tag="div"
        widths={
          Array [
            "xs",
            "sm",
            "md",
            "lg",
            "xl",
          ]
        }
      >
        <InputGroup
          className="full-width-input margin-input"
          tag="div"
        >
          <Control(s)
            className="form-control prepend"
            data-maxvalue={100}
            data-minvalue={-100}
            id="margin"
            name="margin"
            onChange={[Function]}
            placeholder="0"
            type="number"
            validations={
              Array [
                [Function],
                [Function],
                [Function],
                [Function],
              ]
            }
            value={0}
          />
          <InputGroupAddon
            addonType="append"
            tag="div"
          >
            <InputGroupText
              tag="span"
            >
              %
            </InputGroupText>
          </InputGroupAddon>
        </InputGroup>
      </Col>
    </Row>
    <p
      className="text-muted"
    >
      A negative margin means you sell assets for less than what they are worth
    </p>
  </FormGroup>
  <h3 />
  <div
    className="border rounded p-3"
  >
    1 
    SNT
     = 
    140.0000
     
    USD
  </div>
  <small />
</Form(t)>
`;
