// Jest Snapshot v1, https://goo.gl/fbAQLP

exports[`Trades should render correctly 1`] = `
<div
  className="mb-5"
>
  <p
    className="text-small text-muted mb-1 clickable"
    onClick={[Function]}
  >
    Show Filters 
    <FontAwesomeIcon
      border={false}
      className=""
      fixedWidth={false}
      flip={null}
      icon={
        Object {
          "icon": Array [
            320,
            512,
            Array [],
            "f0d7",
            "M31.3 192h257.3c17.8 0 26.7 21.5 14.1 34.1L174.1 354.8c-7.8 7.8-20.5 7.8-28.3 0L17.2 226.1C4.6 213.5 13.5 192 31.3 192z",
          ],
          "iconName": "caret-down",
          "prefix": "fas",
        }
      }
      inverse={false}
      listItem={false}
      mask={null}
      pull={null}
      pulse={false}
      rotation={null}
      size={null}
      spin={false}
      symbol={false}
      title=""
      transform={null}
    />
  </p>
  <Card
    body={true}
    className="profile-trades-list border-0 pt-0"
    tag="div"
  >
    <Row
      className="my-1 border-bottom shadow-sm p-2 mb-3"
      tag="div"
    >
      <Col
        className="align-self-center pt-3 pb-3 text-center text-muted"
        tag="div"
        widths={
          Array [
            "xs",
            "sm",
            "md",
            "lg",
            "xl",
          ]
        }
      />
    </Row>
  </Card>
</div>
`;

exports[`Trades should render when empty 1`] = `
<div
  className="mb-5"
>
  <Card
    body={true}
    className="text-center border-0 text-muted shadow-sm"
    tag="div"
  />
</div>
`;
